// Jest Snapshot v1, https://goo.gl/fbAQLP

exports[`Layout should render the component without errors 1`] = `ReactWrapper {}`;
