// Jest Snapshot v1, https://goo.gl/fbAQLP

exports[`<Oidc/> renders correctly 1`] = `ShallowWrapper {}`;
